
> wags-tech@1.0.0 build
> next build

   ▲ Next.js 15.5.18

   Creating an optimized production build ...
 ✓ Compiled successfully in 20.1s
   Linting and checking validity of types ...
 ⨯ ESLint must be installed in order to run during builds: npm install --save-dev eslint
   Collecting page data ...
   Generating static pages (0/5) ...
   Generating static pages (1/5) 
   Generating static pages (2/5) 
   Generating static pages (3/5) 
 ✓ Generating static pages (5/5)
   Finalizing page optimization ...
   Collecting build traces ...

Route (app)                                 Size  First Load JS
┌ ○ /                                    19.5 kB         145 kB
├ ○ /_not-found                            994 B         103 kB
└ ○ /privacy                             2.84 kB         128 kB
+ First Load JS shared by all             102 kB
  ├ chunks/255-4f84124391a7dac4.js       46.2 kB
  ├ chunks/4bd1b696-c023c6e3521b1417.js  54.2 kB
  └ other shared chunks (total)          1.99 kB


○  (Static)  prerendered as static content

